---
source: src/tui/view/ui/render_snapshot_tests.rs
expression: text
---
sbom-tools  VIEW  │ acme-webapp │ CycloneDX 1.5 │ [SBOM]

 [1] Overview   │  [2] Components   │  [3] Vulns   │  [4] Licenses   │  [5] Deps   │  [6] Quality   │  [7] Compliance

────────────────────────────────────────────────────────────────────────────────────────────────────────────────────────
Group:  Ecosystem   Filter:  All   │  [/] search  [g] group  [f] f┌ npm ───────────────────────────────────────────────┐
                                                                  │npm                                                 │
┌ Components (9) ────────────────────────────────────────────────┐│Components: 8                                       │
│▶ ▼ npm (8)                                                     ││                                                    │
│    │  ├─ · axios@1.4.0 [npm]                                   ││Vulnerabilities: 0                                  │
│    │  ├─ · dayjs@1.11.7 [npm]                                  ││Clean           8 █████████████████████████         │
│    │  ├─ · express@4.18.2 [npm]                                ││                                                    │
│    │  ├─ · lodash@4.17.21 [npm]                                ││                                                    │
│    │  ├─ · prisma@4.15.0 [npm]                                 ││                                                    │
│    │  ├─ · react@18.2.0 [npm]                                  ││                                                    │
│    │  ├─ · typescript@5.0.4 [npm]                              ││                                                    │
│    │  └─ · zod@3.21.4 [npm]                                    ││                                                    │
│    ▼ Unknown (1)                                               ││                                                    │
│       └─ · acme-webapp@2.0.0                                   ││                                                    │
│                                                                ││                                                    │
│                                                                ││                                                    │
│                                                                ││                                                    │
│                                                                ││                                                    │
│                                                                ││                                                    │
│                                                                ││                                                    │
│                                                                ││                                                    │
│                                                                ││                                                    │
│                                                                ││                                                    │
│                                                                ││                                                    │
│                                                                ││                                                    │
│                                                                ││                                                    │
│                                                                ││                                                    │
│                                                                ││                                                    │
│                                                                ││                                                    │
│                                                                ││                                                    │
│                                                                ││                                                    │
│                                                                ││                                                    │
└────────────────────────────────────────────────────────────────┘└────────────────────────────────────────────────────┘
 Components: 9 │ Vulns: 0 │ Licenses: 3 │ Group:  Ecosystem  Filter:  All
                 p panel  Enter select  1-4 detail tabs │  Tab switch  / search  e export  ? help  q quit
