---
source: src/tui/view/ui/render_snapshot_tests.rs
expression: text
---
sbom-tools  VIEW  │ acme-webapp │ CycloneDX 1.5 │ [SBOM]

 [1] Overview   │  [2] Components   │  [3] Vulns   │  [4] Licenses   │  [5] Deps

────────────────────────────────────────────────────────────────────────────────
┌──────────────────┐┌──────────────────┐┌──────────────────┐┌──────────────────┐
│     CRITICAL     ││       HIGH       ││      MEDIUM      ││        LOW       │
│                  ││                  ││                  ││                  │
│         0        ││         0        ││         0        ││         0        │
└──────────────────┘└──────────────────┘└──────────────────┘└──────────────────┘
Filter:  All   KEV:  Off   Sort:  Severity   Dedupe:  On   Group:  Component   │

┌──────────────────────────────────────────────────────────────────────────────┐
│                                                                              │
│                                       ✓                                      │
│                                                                              │
│                          No vulnerabilities detected                         │
│                                                                              │
│                Great news! No known vulnerabilities were found               │
│                                                                              │
│                                                                              │
└──────────────────────────────────────────────────────────────────────────────┘
 Components: 9 │ Vulns: 0 │ Licenses: 3
 f filter  s sort  g group  d dedup  Enter component │  Tab switch  / search  e
