---
source: src/tui/view/ui/render_snapshot_tests.rs
expression: text
---
sbom-tools  VIEW  │ acme-webapp │ CycloneDX 1.5 │ [SBOM]

 [1] Overview   │  [2] Components   │  [3] Vulns   │  [4] Licenses   │  [5] Deps   │  [6] Quality   │  [7] Compliance

────────────────────────────────────────────────────────────────────────────────────────────────────────────────────────
Group:  License   │  [g] toggle  [Enter] inspect                  ┌ License Details ───────────────────────────────────┐
✓ 8  ⚠ 0  ? 1  │  3 total                                         │MIT                                                 │
                                                                  │                                                    │
┌ Licenses (3) ──────────────────────────────────────────────────┐│Category: Permissive                                │
│  License                         Count          Category       ││Risk: Low                                           │
│▶ MIT                                6 ████████  Permissive     ││Family: MIT                                         │
│  Apache-2.0                         2 ███       Permissive     ││Components: 6                                       │
│  Unknown                            1 ██        Unknown        ││                                                    │
│                                                                ││Characteristics:                                    │
│                                                                ││✓ Commercial use allowed                            │
│                                                                ││✓ Modification allowed                              │
│                                                                ││✓ Distribution allowed                              │
│                                                                ││✗ Patent grant                                      │
│                                                                ││✗ Copyleft/Share-alike                              │
│                                                                ││                                                    │
│                                                                ││Components: 6                                       │
│                                                                ││[Enter] jump to component  [K/J] scroll             │
│                                                                ││L axios@1.4.0                                       │
│                                                                ││L dayjs@1.11.7                                      │
│                                                                ││L express@4.18.2                                    │
│                                                                ││L lodash@4.17.21                                    │
│                                                                ││L react@18.2.0                                      │
│                                                                ││L zod@3.21.4                                        │
│                                                                ││                                                    │
│                                                                ││                                                    │
│                                                                ││                                                    │
│                                                                ││                                                    │
│                                                                ││                                                    │
│                                                                ││                                                    │
│                                                                ││                                                    │
│                                                                ││                                                    │
│                                                                ││                                                    │
└────────────────────────────────────────────────────────────────┘└────────────────────────────────────────────────────┘
 Components: 9 │ Vulns: 0 │ Licenses: 3
         g group  Enter inspect  K/J scroll │  Tab switch  / search  e export  ? help  q quit [y] copy Apache-2.0
