---
source: tests/golden_reports.rs
expression: "render(&SideBySideReporter::new())"
---
[36msbom-tools[0m --- CycloneDX
[1macme-webapp                                               [0m │ [1macme-webapp                                               [0m
[2m──────────────────────────────────────────────────────────────│──────────────────────────────────────────────────────────────[0m

[36m[1m═══ Components ═════════════════════════════════════════════════════════════════════════════════════════════════════════[0m
[31m  1[0m [31mjquery 3.5.1[0m                                             │ [2m  .[0m [2m...[0m                                                     
[31m  2[0m [31mmoment 2.29.1[0m                                            │ [2m  .[0m [2m...[0m                                                     
[31m  3[0m [31mrequest 2.88.2[0m                                           │ [2m  .[0m [2m...[0m                                                     
[31m  4[0m [31munderscore 1.12.0[0m                                        │ [2m  .[0m [2m...[0m                                                     
[33m  5[0m [31macme-webapp 1.0.0[0m                                        │ [33m  5[0m [32macme-webapp 2.0.0[0m                                       
[33m  6[0m [31maxios 0.21.1[0m                                             │ [33m  6[0m [32maxios 1.4.0[0m                                             
[33m  7[0m [31mexpress 4.17.1[0m                                           │ [33m  7[0m [32mexpress 4.18.2[0m                                          
[33m  8[0m [31mlodash 4.17.20[0m                                           │ [33m  8[0m [32mlodash 4.17.21[0m                                          
[33m  9[0m [31mreact 17.0.1[0m                                             │ [33m  9[0m [32mreact 18.2.0[0m                                            
[2m  .[0m [2m...[0m                                                      │ [32m 10[0m [32mdayjs 1.11.7[0m                                            
[2m  .[0m [2m...[0m                                                      │ [32m 11[0m [32mtypescript 5.0.4[0m                                        
[2m  .[0m [2m...[0m                                                      │ [32m 12[0m [32mzod 3.21.4[0m                                              
[2m  .[0m [2m...[0m                                                      │ [32m 13[0m [32mprisma 4.15.0[0m                                           

[36m[1m═══ Summary ════════════════════════════════════════════════════════════════════════════════════════════════════════════[0m
  [1mComponents:[0m [32m+4[0m added, [31m-4[0m removed, [33m~5[0m modified
  [1mSemantic Score:[0m [36m53.5[0m
