---
source: tests/golden_reports.rs
expression: output
---
{"type":"metadata","tool":"sbom-tools","version": "[VERSION]","generated_at":"[TIMESTAMP]","old_sbom_format":"CycloneDX","new_sbom_format":"CycloneDX","old_component_count":9,"new_component_count":9}
{"type":"summary","total_changes":13,"components_added":4,"components_removed":4,"components_modified":5,"vulnerabilities_introduced":0,"vulnerabilities_resolved":0,"semantic_score":53.48837209302326}
{"type":"component_added","data":{"id":"pkg:npm/dayjs@1.11.7","name":"dayjs","old_version":null,"new_version":"1.11.7","ecosystem":"npm","change_type":"Added","field_changes":[],"cost":10}}
{"type":"component_added","data":{"id":"pkg:npm/typescript@5.0.4","name":"typescript","old_version":null,"new_version":"5.0.4","ecosystem":"npm","change_type":"Added","field_changes":[],"cost":10}}
{"type":"component_added","data":{"id":"pkg:npm/zod@3.21.4","name":"zod","old_version":null,"new_version":"3.21.4","ecosystem":"npm","change_type":"Added","field_changes":[],"cost":10}}
{"type":"component_added","data":{"id":"pkg:npm/prisma@4.15.0","name":"prisma","old_version":null,"new_version":"4.15.0","ecosystem":"npm","change_type":"Added","field_changes":[],"cost":10}}
{"type":"component_removed","data":{"id":"pkg:npm/jquery@3.5.1","name":"jquery","old_version":"3.5.1","new_version":null,"ecosystem":"npm","change_type":"Removed","field_changes":[],"cost":10}}
{"type":"component_removed","data":{"id":"pkg:npm/moment@2.29.1","name":"moment","old_version":"2.29.1","new_version":null,"ecosystem":"npm","change_type":"Removed","field_changes":[],"cost":10}}
{"type":"component_removed","data":{"id":"pkg:npm/request@2.88.2","name":"request","old_version":"2.88.2","new_version":null,"ecosystem":"npm","change_type":"Removed","field_changes":[],"cost":10}}
{"type":"component_removed","data":{"id":"pkg:npm/underscore@1.12.0","name":"underscore","old_version":"1.12.0","new_version":null,"ecosystem":"npm","change_type":"Removed","field_changes":[],"cost":10}}
{"type":"component_modified","data":{"id":"acme-webapp","name":"acme-webapp","old_version":"1.0.0","new_version":"2.0.0","ecosystem":null,"change_type":"Modified","field_changes":[{"field":"version","old_value":"1.0.0","new_value":"2.0.0"}],"cost":7,"match_info":{"score":1.0,"method":"Fuzzy","reason":"Fuzzy match: 'acme-webapp' ~ 'acme-webapp' with 100% similarity","score_breakdown":[{"name":"Jaro-Winkler","weight":0.6,"raw_score":1.0,"weighted_score":0.6,"description":"'acme-webapp' vs 'acme-webapp' = 1.00"},{"name":"Levenshtein","weight":0.4,"raw_score":1.0,"weighted_score":0.4,"description":"edit distance 0 / max_len 11 = 1.00"}],"normalizations":["lowercase"],"confidence_interval":{"lower":0.92,"upper":1.0,"level":0.95}}}}
{"type":"component_modified","data":{"id":"pkg:npm/axios@1.4.0","name":"axios","old_version":"0.21.1","new_version":"1.4.0","ecosystem":"npm","change_type":"Modified","field_changes":[{"field":"version","old_value":"0.21.1","new_value":"1.4.0"}],"cost":7,"match_info":{"score":0.9,"method":"EcosystemRule","reason":"Names match after npm ecosystem normalization: 'axios' -> 'axios'","normalizations":["npm_normalization"],"confidence_interval":{"lower":0.87,"upper":0.93,"level":0.95}}}}
{"type":"component_modified","data":{"id":"pkg:npm/express@4.18.2","name":"express","old_version":"4.17.1","new_version":"4.18.2","ecosystem":"npm","change_type":"Modified","field_changes":[{"field":"version","old_value":"4.17.1","new_value":"4.18.2"}],"cost":4,"match_info":{"score":0.9,"method":"EcosystemRule","reason":"Names match after npm ecosystem normalization: 'express' -> 'express'","normalizations":["npm_normalization"],"confidence_interval":{"lower":0.87,"upper":0.93,"level":0.95}}}}
{"type":"component_modified","data":{"id":"pkg:npm/lodash@4.17.21","name":"lodash","old_version":"4.17.20","new_version":"4.17.21","ecosystem":"npm","change_type":"Modified","field_changes":[{"field":"version","old_value":"4.17.20","new_value":"4.17.21"}],"cost":2,"match_info":{"score":0.9,"method":"EcosystemRule","reason":"Names match after npm ecosystem normalization: 'lodash' -> 'lodash'","normalizations":["npm_normalization"],"confidence_interval":{"lower":0.87,"upper":0.93,"level":0.95}}}}
{"type":"component_modified","data":{"id":"pkg:npm/react@18.2.0","name":"react","old_version":"17.0.1","new_version":"18.2.0","ecosystem":"npm","change_type":"Modified","field_changes":[{"field":"version","old_value":"17.0.1","new_value":"18.2.0"}],"cost":7,"match_info":{"score":0.9,"method":"EcosystemRule","reason":"Names match after npm ecosystem normalization: 'react' -> 'react'","normalizations":["npm_normalization"],"confidence_interval":{"lower":0.87,"upper":0.93,"level":0.95}}}}
