---
source: src/tui/ui/render_snapshot_tests.rs
expression: text
---
sbom-tools  DIFF  │ acme-webapp@1.0.0 ⟷ acme-webapp@2.0.0

 [1] Summary   │  [2] Components   │  [3] Dependencies   │  [4] Licenses   │  [5

────────────────────────────────────────────────────────────────────────────────
┌ Summary ─────────────────────────────────────────────────────────────────────┐
│ High Risk   Score: 53.5  │  15 changes, 3 major bumps                        │
└──────────────────────────────────────────────────────────────────────────────┘
┌ Components ──────┐┌ Dependencies ────┐┌ Vulnerabilities ─┐┌ Licenses ────────┐
│ + ADDED      4   ││ + ADDED     0    ││ ▲ NEW       0    ││ New:      0      │
└──────────────────┘└──────────────────┘└──────────────────┘└──────────────────┘
┌ Matching ────────────────────────────────────┐┌ Security Policy ─────────────┐
└──────────────────────────────────────────────┘└──────────────────────────────┘
┌ Changes by Ecosystem ────────────────┐┌ SBOM Comparison ─────────────────────┐
│██12███    1                          ││                   Old     New   Delta│
└──────────────────────────────────────┘└──────────────────────────────────────┘
┌ All Changes (13) — MAJOR:3 minor:1 patch:1 +4 -4 ────────────────────────────┐
│ ~ acme-webapp 1.0.0 → 2.0.0 MAJOR                                            │
│ ~ axios 0.21.1 → 1.4.0 MAJOR                                                 │
│ ~ react 17.0.1 → 18.2.0 MAJOR                                                │
│ - jquery 3.5.1                                                               │
└──────────────────────────────────────────────────────────────────────────────┘
 Components: 15 │ Vulns: 0 │ Score: 53.5
                  Tab switch  / search  e export  ? help  q quit
