---
source: src/tui/ui/render_snapshot_tests.rs
expression: text
---
sbom-tools  DIFF  │ acme-webapp@1.0.0 ⟷ acme-webapp@2.0.0

 [1] Summary   │  [2] Components   │  [3] Dependencies   │  [4] Licenses   │  [5] Vulnerabilities   │  [6] Quality   │

────────────────────────────────────────────────────────────────────────────────────────────────────────────────────────
Filter:  All   [s] Sort: Severity  │  C  0  H  0  M  0  L  0 │ + 0  - 0  = 0  │  View:  List   │  [f] filter  [s] sort

────────────────────────────────────────────────────────────────────────────────────────────────────────────────────────
┌────────────────────────────────────────────────────────────────┐┌ Vulnerability Details ─────────────────────────────┐
│                                                                ││                                                    │
│                                ✓                               ││                          ⚠                         │
│                                                                ││                                                    │
│                   No vulnerabilities detected                  ││       Select a vulnerability to view details       │
│                                                                ││                                                    │
│         Great news! No known vulnerabilities were found        ││            [↑↓] navigate  [Enter] expand           │
│                                                                ││                                                    │
│                                                                ││                                                    │
│                                                                ││                                                    │
│                                                                ││                                                    │
│                                                                ││                                                    │
│                                                                ││                                                    │
│                                                                ││                                                    │
│                                                                ││                                                    │
│                                                                ││                                                    │
│                                                                ││                                                    │
│                                                                ││                                                    │
│                                                                ││                                                    │
│                                                                ││                                                    │
│                                                                ││                                                    │
│                                                                ││                                                    │
│                                                                ││                                                    │
│                                                                ││                                                    │
│                                                                ││                                                    │
│                                                                ││                                                    │
│                                                                ││                                                    │
│                                                                ││                                                    │
│                                                                ││                                                    │
└────────────────────────────────────────────────────────────────┘└────────────────────────────────────────────────────┘
 Components: 13 │ Vulns: 0 │ Score: 53.5
                       f filter  s sort  g group │  Tab switch  / search  e export  ? help  q quit
