---
source: src/tui/ui/render_snapshot_tests.rs
expression: text
---
sbom-tools  DIFF  │ acme-webapp@1.0.0 ⟷ acme-webapp@2.0.0

 [1] Summary   │  [2] Components   │  [3] Dependencies   │  [4] Licenses   │  [5

────────────────────────────────────────────────────────────────────────────────
┌ Quality: 49/100 (F) → 49/100 (F)   ──────────────────────────────────────────┐
│ Old: ██████████████████████████████░░░░░░░░░░░░░░░░░░░░░░░░░░░░░░░░  49%  Old│
│──────────────────────────────────────────────────────────────────────────────│
│ New: ██████████████████████████████░░░░░░░░░░░░░░░░░░░░░░░░░░░░░░░░  49%  New│
└──────────────────────────────────────────────────────────────────────────────┘
┌ Category Scores ─────────────────────────────────────────────────────────────┐
│                                       Old   New  Delta Weight                │
│ Identifiers    █████████████████░░░   89%   89%         ×20%                 │
└──────────────────────────────────────────────────────────────────────────────┘
┌ Quality Analysis ────────────────────────────────────────────────────────────┐
│ → Quality score unchanged                                                    ▲
│                                                                              █
│                                                                              █
│ Top Actions to Improve Score:                                                ║
│▶ [P1] Fix 1 compliance error(s) to meet Standard requirements (+20pts)  Compl║
│  [P2] Add SBOM creation tool information (+8pts)  Provenance                 ▼
└──────────────────────────────────────────────────────────────────────────────┘
 Components: 13 │ Vulns: 0 │ Score: 53.5
 v view │  Tab switch  / search  e export  ? help  q quit [y] copy Fix 1 complia
